// Jest Snapshot v1, https://goo.gl/fbAQLP

exports[`should take a snapshot 1`] = `
<DocumentFragment>
  <label
    class="MuiFormLabel-root MuiInputLabel-root MuiInputLabel-animated"
  />
</DocumentFragment>
`;
